ERROR in ./node_modules/@fuels/connectors/node_modules/@wagmi/connectors/dist/esm/metaMask.js 137:26-40
export 'extractRpcUrls' (imported as 'extractRpcUrls') was not found in '@wagmi/core' (possible exports: BaseError, ChainNotConfiguredError, ConnectorAccountNotFoundError, ConnectorAlreadyConnectedError, ConnectorChainMismatchError, ConnectorNotConnectedError, ConnectorNotFoundError, ProviderNotFoundError, SwitchChainNotSupportedError, call, connect, cookieStorage, cookieToInitialState, createConfig, createConnector, createStorage, custom, deepEqual, deployContract, deserialize, disconnect, estimateFeesPerGas, estimateGas, estimateMaxPriorityFeePerGas, fallback, fetchBalance, fetchBlockNumber, fetchEnsAddress, fetchEnsAvatar, fetchEnsName, fetchEnsResolver, fetchToken, fetchTransaction, getAccount, getBalance, getBlock, getBlockNumber, getBlockTransactionCount, getBytecode, getChainId, getChains, getClient, getConnections, getConnectorClient, getConnectors, getEnsAddress, getEnsAvatar, getEnsName, getEnsResolver, getEnsText, getFeeHistory, getGasPrice, getProof, getPublicClient, getStorageAt, getToken, getTransaction, getTransactionConfirmations, getTransactionCount, getTransactionReceipt, getWalletClient, http, hydrate, injected, mock, multicall, noopStorage, normalizeChainId, parseCookie, prepareTransactionRequest, readContract, readContracts, reconnect, sendTransaction, serialize, signMessage, signTypedData, simulateContract, switchAccount, switchChain, switchNetwork, unstable_connector, verifyMessage, verifyTypedData, version, waitForTransaction, waitForTransactionReceipt, watchAccount, watchAsset, watchBlockNumber, watchBlocks, watchChainId, watchClient, watchConnections, watchConnectors, watchContractEvent, watchPendingTransactions, watchPublicClient, webSocket, writeContract)

ERROR in ./node_modules/@fuels/connectors/node_modules/@wagmi/connectors/dist/esm/walletConnect.js 150:26-40
export 'extractRpcUrls' (imported as 'extractRpcUrls') was not found in '@wagmi/core' (possible exports: BaseError, ChainNotConfiguredError, ConnectorAccountNotFoundError, ConnectorAlreadyConnectedError, ConnectorChainMismatchError, ConnectorNotConnectedError, ConnectorNotFoundError, ProviderNotFoundError, SwitchChainNotSupportedError, call, connect, cookieStorage, cookieToInitialState, createConfig, createConnector, createStorage, custom, deepEqual, deployContract, deserialize, disconnect, estimateFeesPerGas, estimateGas, estimateMaxPriorityFeePerGas, fallback, fetchBalance, fetchBlockNumber, fetchEnsAddress, fetchEnsAvatar, fetchEnsName, fetchEnsResolver, fetchToken, fetchTransaction, getAccount, getBalance, getBlock, getBlockNumber, getBlockTransactionCount, getBytecode, getChainId, getChains, getClient, getConnections, getConnectorClient, getConnectors, getEnsAddress, getEnsAvatar, getEnsName, getEnsResolver, getEnsText, getFeeHistory, getGasPrice, getProof, getPublicClient, getStorageAt, getToken, getTransaction, getTransactionConfirmations, getTransactionCount, getTransactionReceipt, getWalletClient, http, hydrate, injected, mock, multicall, noopStorage, normalizeChainId, parseCookie, prepareTransactionRequest, readContract, readContracts, reconnect, sendTransaction, serialize, signMessage, signTypedData, simulateContract, switchAccount, switchChain, switchNetwork, unstable_connector, verifyMessage, verifyTypedData, version, waitForTransaction, waitForTransactionReceipt, watchAccount, watchAsset, watchBlockNumber, watchBlocks, watchChainId, watchClient, watchConnections, watchConnectors, watchContractEvent, watchPendingTransactions, watchPublicClient, webSocket, writeContract)